Invalid address for free.
Invalid address for free.
Invalid address for free.
Invalid address for free.
Invalid address for free.
Invalid address for free.
Invalid address for free.
Invalid address for free.
Invalid address for free.
Invalid address for free.
Invalid address for free.
Invalid address for free.
Invalid address for free.
Invalid address for free.
Invalid address for free.
Invalid address for free.
Invalid address for free.
Invalid address for free.
Invalid address for free.
Invalid address for free.
Invalid address for free.
Invalid address for free.
Invalid address for free.
Invalid address for free.
Invalid address for free.
Invalid address for free.
Invalid address for free.
Invalid address for free.
Invalid address for free.
Invalid address for free.
Invalid address for free.
Invalid address for free.
Invalid address for free.
Invalid address for free.
Invalid address for free.
Invalid address for free.
Invalid address for free.
Invalid address for free.
Invalid address for free.
Invalid ad